// Jest Snapshot v1, https://goo.gl/fbAQLP

exports[`Select component selects an option correctly 1`] = `
<input
  aria-autocomplete="list"
  aria-expanded="false"
  aria-haspopup="true"
  autocapitalize="none"
  autocomplete="off"
  autocorrect="off"
  class=""
  id="react-select-2-input"
  role="combobox"
  spellcheck="false"
  style="opacity: 0; width: 100%; grid-area: 1 / 2; min-width: 2px; border: 0px; margin: 0px; outline: 0; padding: 0px;"
  tabindex="0"
  type="text"
  value=""
/>
`;
